00:00 +0: loading C:/Users/Administrator/Documents/Tugas Akhir/smart-farming-app - Copy/test/screen/penyakit_ayam/penyakit_ayam_screen_test.dart
00:00 +0: PilihPenanganan Screen Tests Menampilkan indikator loading saat inisialisasi
ΓòÉΓòÉΓòí EXCEPTION CAUGHT BY WIDGETS LIBRARY Γò₧ΓòÉΓòÉΓòÉΓòÉΓòÉΓòÉΓòÉΓòÉΓòÉΓòÉΓòÉΓòÉΓòÉΓòÉΓòÉΓòÉΓòÉΓòÉΓòÉΓòÉΓòÉΓòÉΓòÉΓòÉΓòÉΓòÉΓòÉΓòÉΓòÉΓòÉΓòÉΓòÉΓòÉΓòÉΓòÉΓòÉΓòÉΓòÉΓòÉΓòÉΓòÉΓòÉΓòÉΓòÉΓòÉΓòÉΓòÉΓòÉΓòÉΓòÉΓòÉΓòÉΓòÉΓòÉΓòÉΓòÉΓòÉΓòÉΓòÉ
The following NotInitializedError was thrown building Builder:
Instance of 'NotInitializedError'

The relevant error-causing widget was:
  MaterialApp
  MaterialApp:file:///C:/Users/Administrator/Documents/Tugas%20Akhir/smart-farming-app%20-%20Copy/test/screen/penyakit_ayam/penyakit_ayam_screen_test.dart:10:37

When the exception was thrown, this was the stack:
#0      DotEnv.env (package:flutter_dotenv/src/dotenv.dart:41:7)
#1      new GejalaPenyakitAyam (package:smart_farming_app/service/gejala_penyakit_ayam.dart:13:36)
#2      new _PilihPenangananState (package:smart_farming_app/screen/penyakit_ayam/pilih_penanganan.dart:21:45)
#3      PilihPenanganan.createState (package:smart_farming_app/screen/penyakit_ayam/pilih_penanganan.dart:17:43)
#4      new StatefulElement (package:flutter/src/widgets/framework.dart:5902:60)
#5      StatefulWidget.createElement (package:flutter/src/widgets/framework.dart:779:38)
...     Normal element mounting (260 frames)
#265    Element.inflateWidget (package:flutter/src/widgets/framework.dart:4587:20)
#266    MultiChildRenderObjectElement.inflateWidget (package:flutter/src/widgets/framework.dart:7264:36)
#267    MultiChildRenderObjectElement.mount (package:flutter/src/widgets/framework.dart:7279:32)
...     Normal element mounting (467 frames)
#734    Element.inflateWidget (package:flutter/src/widgets/framework.dart:4587:20)
#735    Element.updateChild (package:flutter/src/widgets/framework.dart:4053:20)
#736    ComponentElement.performRebuild (package:flutter/src/widgets/framework.dart:5841:16)
#737    Element.rebuild (package:flutter/src/widgets/framework.dart:5529:7)
#738    ProxyElement.update (package:flutter/src/widgets/framework.dart:6149:5)
#739    _InheritedNotifierElement.update (package:flutter/src/widgets/inherited_notifier.dart:108:11)
#740    Element.updateChild (package:flutter/src/widgets/framework.dart:4037:15)
#741    ComponentElement.performRebuild (package:flutter/src/widgets/framework.dart:5841:16)
#742    StatefulElement.performRebuild (package:flutter/src/widgets/framework.dart:5982:11)
#743    Element.rebuild (package:flutter/src/widgets/framework.dart:5529:7)
#744    StatefulElement.update (package:flutter/src/widgets/framework.dart:6007:5)
#745    Element.updateChild (package:flutter/src/widgets/framework.dart:4037:15)
#746    ComponentElement.performRebuild (package:flutter/src/widgets/framework.dart:5841:16)
#747    Element.rebuild (package:flutter/src/widgets/framework.dart:5529:7)
#748    ProxyElement.update (package:flutter/src/widgets/framework.dart:6149:5)
#749    _InheritedNotifierElement.update (package:flutter/src/widgets/inherited_notifier.dart:108:11)
#750    Element.updateChild (package:flutter/src/widgets/framework.dart:4037:15)
#751    ComponentElement.performRebuild (package:flutter/src/widgets/framework.dart:5841:16)
#752    StatefulElement.performRebuild (package:flutter/src/widgets/framework.dart:5982:11)
#753    Element.rebuild (package:flutter/src/widgets/framework.dart:5529:7)
#754    StatefulElement.update (package:flutter/src/widgets/framework.dart:6007:5)
#755    Element.updateChild (package:flutter/src/widgets/framework.dart:4037:15)
#756    ComponentElement.performRebuild (package:flutter/src/widgets/framework.dart:5841:16)
#757    StatefulElement.performRebuild (package:flutter/src/widgets/framework.dart:5982:11)
#758    Element.rebuild (package:flutter/src/widgets/framework.dart:5529:7)
#759    StatefulElement.update (package:flutter/src/widgets/framework.dart:6007:5)
#760    Element.updateChild (package:flutter/src/widgets/framework.dart:4037:15)
#761    ComponentElement.performRebuild (package:flutter/src/widgets/framework.dart:5841:16)
#762    Element.rebuild (package:flutter/src/widgets/framework.dart:5529:7)
#763    ProxyElement.update (package:flutter/src/widgets/framework.dart:6149:5)
#764    Element.updateChild (package:flutter/src/widgets/framework.dart:4037:15)
#765    ComponentElement.performRebuild (package:flutter/src/widgets/framework.dart:5841:16)
#766    StatefulElement.performRebuild (package:flutter/src/widgets/framework.dart:5982:11)
#767    Element.rebuild (package:flutter/src/widgets/framework.dart:5529:7)
#768    StatefulElement.update (package:flutter/src/widgets/framework.dart:6007:5)
#769    Element.updateChild (package:flutter/src/widgets/framework.dart:4037:15)
#770    ComponentElement.performRebuild (package:flutter/src/widgets/framework.dart:5841:16)
#771    Element.rebuild (package:flutter/src/widgets/framework.dart:5529:7)
#772    ProxyElement.update (package:flutter/src/widgets/framework.dart:6149:5)
#773    Element.updateChild (package:flutter/src/widgets/framework.dart:4037:15)
#774    ComponentElement.performRebuild (package:flutter/src/widgets/framework.dart:5841:16)
#775    Element.rebuild (package:flutter/src/widgets/framework.dart:5529:7)
#776    ProxyElement.update (package:flutter/src/widgets/framework.dart:6149:5)
#777    Element.updateChild (package:flutter/src/widgets/framework.dart:4037:15)
#778    _RawViewElement._updateChild (package:flutter/src/widgets/view.dart:481:16)
#779    _RawViewElement.update (package:flutter/src/widgets/view.dart:568:5)
#780    Element.updateChild (package:flutter/src/widgets/framework.dart:4037:15)
#781    ComponentElement.performRebuild (package:flutter/src/widgets/framework.dart:5841:16)
#782    Element.rebuild (package:flutter/src/widgets/framework.dart:5529:7)
#783    StatelessElement.update (package:flutter/src/widgets/framework.dart:5895:5)
#784    Element.updateChild (package:flutter/src/widgets/framework.dart:4037:15)
#785    ComponentElement.performRebuild (package:flutter/src/widgets/framework.dart:5841:16)
#786    StatefulElement.performRebuild (package:flutter/src/widgets/framework.dart:5982:11)
#787    Element.rebuild (package:flutter/src/widgets/framework.dart:5529:7)
#788    StatefulElement.update (package:flutter/src/widgets/framework.dart:6007:5)
#789    Element.updateChild (package:flutter/src/widgets/framework.dart:4037:15)
#790    RootElement._rebuild (package:flutter/src/widgets/binding.dart:1822:16)
#791    RootElement.update (package:flutter/src/widgets/binding.dart:1800:5)
#792    RootElement.performRebuild (package:flutter/src/widgets/binding.dart:1814:7)
#793    Element.rebuild (package:flutter/src/widgets/framework.dart:5529:7)
#794    BuildScope._tryRebuild (package:flutter/src/widgets/framework.dart:2750:15)
#795    BuildScope._flushDirtyElements (package:flutter/src/widgets/framework.dart:2807:11)
#796    BuildOwner.buildScope (package:flutter/src/widgets/framework.dart:3111:18)
#797    AutomatedTestWidgetsFlutterBinding.drawFrame (package:flutter_test/src/binding.dart:2131:19)
#798    RendererBinding._handlePersistentFrameCallback (package:flutter/src/rendering/binding.dart:495:5)
#799    SchedulerBinding._invokeFrameCallback (package:flutter/src/scheduler/binding.dart:1430:15)
#800    SchedulerBinding.handleDrawFrame (package:flutter/src/scheduler/binding.dart:1345:9)
#801    AutomatedTestWidgetsFlutterBinding.pump.<anonymous closure> (package:flutter_test/src/binding.dart:1960:9)
#804    TestAsyncUtils.guard (package:flutter_test/src/test_async_utils.dart:74:41)
#805    AutomatedTestWidgetsFlutterBinding.pump (package:flutter_test/src/binding.dart:1949:27)
#806    WidgetTester.pumpWidget.<anonymous closure> (package:flutter_test/src/widget_tester.dart:598:22)
#809    TestAsyncUtils.guard (package:flutter_test/src/test_async_utils.dart:74:41)
#810    WidgetTester.pumpWidget (package:flutter_test/src/widget_tester.dart:595:27)
#811    main.<anonymous closure>.<anonymous closure> (file:///C:/Users/Administrator/Documents/Tugas%20Akhir/smart-farming-app%20-%20Copy/test/screen/penyakit_ayam/penyakit_ayam_screen_test.dart:10:20)
#812    testWidgets.<anonymous closure>.<anonymous closure> (package:flutter_test/src/widget_tester.dart:192:29)
<asynchronous suspension>
#813    TestWidgetsFlutterBinding._runTestBody (package:flutter_test/src/binding.dart:1682:5)
<asynchronous suspension>
<asynchronous suspension>
(elided 5 frames from dart:async and package:stack_trace)

ΓòÉΓòÉΓòÉΓòÉΓòÉΓòÉΓòÉΓòÉΓòÉΓòÉΓòÉΓòÉΓòÉΓòÉΓòÉΓòÉΓòÉΓòÉΓòÉΓòÉΓòÉΓòÉΓòÉΓòÉΓòÉΓòÉΓòÉΓòÉΓòÉΓòÉΓòÉΓòÉΓòÉΓòÉΓòÉΓòÉΓòÉΓòÉΓòÉΓòÉΓòÉΓòÉΓòÉΓòÉΓòÉΓòÉΓòÉΓòÉΓòÉΓòÉΓòÉΓòÉΓòÉΓòÉΓòÉΓòÉΓòÉΓòÉΓòÉΓòÉΓòÉΓòÉΓòÉΓòÉΓòÉΓòÉΓòÉΓòÉΓòÉΓòÉΓòÉΓòÉΓòÉΓòÉΓòÉΓòÉΓòÉΓòÉΓòÉΓòÉΓòÉΓòÉΓòÉΓòÉΓòÉΓòÉΓòÉΓòÉΓòÉΓòÉΓòÉΓòÉΓòÉΓòÉΓòÉΓòÉΓòÉΓòÉΓòÉΓòÉ
ΓòÉΓòÉΓòí EXCEPTION CAUGHT BY FLUTTER TEST FRAMEWORK Γò₧ΓòÉΓòÉΓòÉΓòÉΓòÉΓòÉΓòÉΓòÉΓòÉΓòÉΓòÉΓòÉΓòÉΓòÉΓòÉΓòÉΓòÉΓòÉΓòÉΓòÉΓòÉΓòÉΓòÉΓòÉΓòÉΓòÉΓòÉΓòÉΓòÉΓòÉΓòÉΓòÉΓòÉΓòÉΓòÉΓòÉΓòÉΓòÉΓòÉΓòÉΓòÉΓòÉΓòÉΓòÉΓòÉΓòÉΓòÉΓòÉΓòÉΓòÉΓòÉΓòÉ
The following TestFailure was thrown running a test:
Expected: exactly one matching candidate
  Actual: _TypeWidgetFinder:<Found 0 widgets with type "CircularProgressIndicator": []>
   Which: means none were found but one was expected

When the exception was thrown, this was the stack:
#4      main.<anonymous closure>.<anonymous closure> (file:///C:/Users/Administrator/Documents/Tugas%20Akhir/smart-farming-app%20-%20Copy/test/screen/penyakit_ayam/penyakit_ayam_screen_test.dart:12:7)
<asynchronous suspension>
#5      testWidgets.<anonymous closure>.<anonymous closure> (package:flutter_test/src/widget_tester.dart:192:15)
<asynchronous suspension>
#6      TestWidgetsFlutterBinding._runTestBody (package:flutter_test/src/binding.dart:1682:5)
<asynchronous suspension>
<asynchronous suspension>
(elided one frame from package:stack_trace)

This was caught by the test expectation on the following line:
  file:///C:/Users/Administrator/Documents/Tugas%20Akhir/smart-farming-app%20-%20Copy/test/screen/penyakit_ayam/penyakit_ayam_screen_test.dart line 12
The test description was:
  Menampilkan indikator loading saat inisialisasi
ΓòÉΓòÉΓòÉΓòÉΓòÉΓòÉΓòÉΓòÉΓòÉΓòÉΓòÉΓòÉΓòÉΓòÉΓòÉΓòÉΓòÉΓòÉΓòÉΓòÉΓòÉΓòÉΓòÉΓòÉΓòÉΓòÉΓòÉΓòÉΓòÉΓòÉΓòÉΓòÉΓòÉΓòÉΓòÉΓòÉΓòÉΓòÉΓòÉΓòÉΓòÉΓòÉΓòÉΓòÉΓòÉΓòÉΓòÉΓòÉΓòÉΓòÉΓòÉΓòÉΓòÉΓòÉΓòÉΓòÉΓòÉΓòÉΓòÉΓòÉΓòÉΓòÉΓòÉΓòÉΓòÉΓòÉΓòÉΓòÉΓòÉΓòÉΓòÉΓòÉΓòÉΓòÉΓòÉΓòÉΓòÉΓòÉΓòÉΓòÉΓòÉΓòÉΓòÉΓòÉΓòÉΓòÉΓòÉΓòÉΓòÉΓòÉΓòÉΓòÉΓòÉΓòÉΓòÉΓòÉΓòÉΓòÉΓòÉΓòÉ
ΓòÉΓòÉΓòí EXCEPTION CAUGHT BY FLUTTER TEST FRAMEWORK Γò₧ΓòÉΓòÉΓòÉΓòÉΓòÉΓòÉΓòÉΓòÉΓòÉΓòÉΓòÉΓòÉΓòÉΓòÉΓòÉΓòÉΓòÉΓòÉΓòÉΓòÉΓòÉΓòÉΓòÉΓòÉΓòÉΓòÉΓòÉΓòÉΓòÉΓòÉΓòÉΓòÉΓòÉΓòÉΓòÉΓòÉΓòÉΓòÉΓòÉΓòÉΓòÉΓòÉΓòÉΓòÉΓòÉΓòÉΓòÉΓòÉΓòÉΓòÉΓòÉΓòÉ
The following message was thrown:
Multiple exceptions (2) were detected during the running of the current test, and at least one was
unexpected.
ΓòÉΓòÉΓòÉΓòÉΓòÉΓòÉΓòÉΓòÉΓòÉΓòÉΓòÉΓòÉΓòÉΓòÉΓòÉΓòÉΓòÉΓòÉΓòÉΓòÉΓòÉΓòÉΓòÉΓòÉΓòÉΓòÉΓòÉΓòÉΓòÉΓòÉΓòÉΓòÉΓòÉΓòÉΓòÉΓòÉΓòÉΓòÉΓòÉΓòÉΓòÉΓòÉΓòÉΓòÉΓòÉΓòÉΓòÉΓòÉΓòÉΓòÉΓòÉΓòÉΓòÉΓòÉΓòÉΓòÉΓòÉΓòÉΓòÉΓòÉΓòÉΓòÉΓòÉΓòÉΓòÉΓòÉΓòÉΓòÉΓòÉΓòÉΓòÉΓòÉΓòÉΓòÉΓòÉΓòÉΓòÉΓòÉΓòÉΓòÉΓòÉΓòÉΓòÉΓòÉΓòÉΓòÉΓòÉΓòÉΓòÉΓòÉΓòÉΓòÉΓòÉΓòÉΓòÉΓòÉΓòÉΓòÉΓòÉΓòÉ
00:00 +0 -1: PilihPenanganan Screen Tests Menampilkan indikator loading saat inisialisasi [E]
  Test failed. See exception logs above.
  The test description was: Menampilkan indikator loading saat inisialisasi
  
00:00 +0 -1: PilihPenanganan Screen Tests Menampilkan state kosong jika tidak ada data penanganan
ΓòÉΓòÉΓòí EXCEPTION CAUGHT BY WIDGETS LIBRARY Γò₧ΓòÉΓòÉΓòÉΓòÉΓòÉΓòÉΓòÉΓòÉΓòÉΓòÉΓòÉΓòÉΓòÉΓòÉΓòÉΓòÉΓòÉΓòÉΓòÉΓòÉΓòÉΓòÉΓòÉΓòÉΓòÉΓòÉΓòÉΓòÉΓòÉΓòÉΓòÉΓòÉΓòÉΓòÉΓòÉΓòÉΓòÉΓòÉΓòÉΓòÉΓòÉΓòÉΓòÉΓòÉΓòÉΓòÉΓòÉΓòÉΓòÉΓòÉΓòÉΓòÉΓòÉΓòÉΓòÉΓòÉΓòÉΓòÉΓòÉ
The following NotInitializedError was thrown building Builder:
Instance of 'NotInitializedError'

The relevant error-causing widget was:
  MaterialApp
  MaterialApp:file:///C:/Users/Administrator/Documents/Tugas%20Akhir/smart-farming-app%20-%20Copy/test/screen/penyakit_ayam/penyakit_ayam_screen_test.dart:17:37

When the exception was thrown, this was the stack:
#0      DotEnv.env (package:flutter_dotenv/src/dotenv.dart:41:7)
#1      new GejalaPenyakitAyam (package:smart_farming_app/service/gejala_penyakit_ayam.dart:13:36)
#2      new _PilihPenangananState (package:smart_farming_app/screen/penyakit_ayam/pilih_penanganan.dart:21:45)
#3      PilihPenanganan.createState (package:smart_farming_app/screen/penyakit_ayam/pilih_penanganan.dart:17:43)
#4      new StatefulElement (package:flutter/src/widgets/framework.dart:5902:60)
#5      StatefulWidget.createElement (package:flutter/src/widgets/framework.dart:779:38)
...     Normal element mounting (260 frames)
#265    Element.inflateWidget (package:flutter/src/widgets/framework.dart:4587:20)
#266    MultiChildRenderObjectElement.inflateWidget (package:flutter/src/widgets/framework.dart:7264:36)
#267    MultiChildRenderObjectElement.mount (package:flutter/src/widgets/framework.dart:7279:32)
...     Normal element mounting (467 frames)
#734    Element.inflateWidget (package:flutter/src/widgets/framework.dart:4587:20)
#735    Element.updateChild (package:flutter/src/widgets/framework.dart:4053:20)
#736    ComponentElement.performRebuild (package:flutter/src/widgets/framework.dart:5841:16)
#737    Element.rebuild (package:flutter/src/widgets/framework.dart:5529:7)
#738    ProxyElement.update (package:flutter/src/widgets/framework.dart:6149:5)
#739    _InheritedNotifierElement.update (package:flutter/src/widgets/inherited_notifier.dart:108:11)
#740    Element.updateChild (package:flutter/src/widgets/framework.dart:4037:15)
#741    ComponentElement.performRebuild (package:flutter/src/widgets/framework.dart:5841:16)
#742    StatefulElement.performRebuild (package:flutter/src/widgets/framework.dart:5982:11)
#743    Element.rebuild (package:flutter/src/widgets/framework.dart:5529:7)
#744    StatefulElement.update (package:flutter/src/widgets/framework.dart:6007:5)
#745    Element.updateChild (package:flutter/src/widgets/framework.dart:4037:15)
#746    ComponentElement.performRebuild (package:flutter/src/widgets/framework.dart:5841:16)
#747    Element.rebuild (package:flutter/src/widgets/framework.dart:5529:7)
#748    ProxyElement.update (package:flutter/src/widgets/framework.dart:6149:5)
#749    _InheritedNotifierElement.update (package:flutter/src/widgets/inherited_notifier.dart:108:11)
#750    Element.updateChild (package:flutter/src/widgets/framework.dart:4037:15)
#751    ComponentElement.performRebuild (package:flutter/src/widgets/framework.dart:5841:16)
#752    StatefulElement.performRebuild (package:flutter/src/widgets/framework.dart:5982:11)
#753    Element.rebuild (package:flutter/src/widgets/framework.dart:5529:7)
#754    StatefulElement.update (package:flutter/src/widgets/framework.dart:6007:5)
#755    Element.updateChild (package:flutter/src/widgets/framework.dart:4037:15)
#756    ComponentElement.performRebuild (package:flutter/src/widgets/framework.dart:5841:16)
#757    StatefulElement.performRebuild (package:flutter/src/widgets/framework.dart:5982:11)
#758    Element.rebuild (package:flutter/src/widgets/framework.dart:5529:7)
#759    StatefulElement.update (package:flutter/src/widgets/framework.dart:6007:5)
#760    Element.updateChild (package:flutter/src/widgets/framework.dart:4037:15)
#761    ComponentElement.performRebuild (package:flutter/src/widgets/framework.dart:5841:16)
#762    Element.rebuild (package:flutter/src/widgets/framework.dart:5529:7)
#763    ProxyElement.update (package:flutter/src/widgets/framework.dart:6149:5)
#764    Element.updateChild (package:flutter/src/widgets/framework.dart:4037:15)
#765    ComponentElement.performRebuild (package:flutter/src/widgets/framework.dart:5841:16)
#766    StatefulElement.performRebuild (package:flutter/src/widgets/framework.dart:5982:11)
#767    Element.rebuild (package:flutter/src/widgets/framework.dart:5529:7)
#768    StatefulElement.update (package:flutter/src/widgets/framework.dart:6007:5)
#769    Element.updateChild (package:flutter/src/widgets/framework.dart:4037:15)
#770    ComponentElement.performRebuild (package:flutter/src/widgets/framework.dart:5841:16)
#771    Element.rebuild (package:flutter/src/widgets/framework.dart:5529:7)
#772    ProxyElement.update (package:flutter/src/widgets/framework.dart:6149:5)
#773    Element.updateChild (package:flutter/src/widgets/framework.dart:4037:15)
#774    ComponentElement.performRebuild (package:flutter/src/widgets/framework.dart:5841:16)
#775    Element.rebuild (package:flutter/src/widgets/framework.dart:5529:7)
#776    ProxyElement.update (package:flutter/src/widgets/framework.dart:6149:5)
#777    Element.updateChild (package:flutter/src/widgets/framework.dart:4037:15)
#778    _RawViewElement._updateChild (package:flutter/src/widgets/view.dart:481:16)
#779    _RawViewElement.update (package:flutter/src/widgets/view.dart:568:5)
#780    Element.updateChild (package:flutter/src/widgets/framework.dart:4037:15)
#781    ComponentElement.performRebuild (package:flutter/src/widgets/framework.dart:5841:16)
#782    Element.rebuild (package:flutter/src/widgets/framework.dart:5529:7)
#783    StatelessElement.update (package:flutter/src/widgets/framework.dart:5895:5)
#784    Element.updateChild (package:flutter/src/widgets/framework.dart:4037:15)
#785    ComponentElement.performRebuild (package:flutter/src/widgets/framework.dart:5841:16)
#786    StatefulElement.performRebuild (package:flutter/src/widgets/framework.dart:5982:11)
#787    Element.rebuild (package:flutter/src/widgets/framework.dart:5529:7)
#788    StatefulElement.update (package:flutter/src/widgets/framework.dart:6007:5)
#789    Element.updateChild (package:flutter/src/widgets/framework.dart:4037:15)
#790    RootElement._rebuild (package:flutter/src/widgets/binding.dart:1822:16)
#791    RootElement.update (package:flutter/src/widgets/binding.dart:1800:5)
#792    RootElement.performRebuild (package:flutter/src/widgets/binding.dart:1814:7)
#793    Element.rebuild (package:flutter/src/widgets/framework.dart:5529:7)
#794    BuildScope._tryRebuild (package:flutter/src/widgets/framework.dart:2750:15)
#795    BuildScope._flushDirtyElements (package:flutter/src/widgets/framework.dart:2807:11)
#796    BuildOwner.buildScope (package:flutter/src/widgets/framework.dart:3111:18)
#797    AutomatedTestWidgetsFlutterBinding.drawFrame (package:flutter_test/src/binding.dart:2131:19)
#798    RendererBinding._handlePersistentFrameCallback (package:flutter/src/rendering/binding.dart:495:5)
#799    SchedulerBinding._invokeFrameCallback (package:flutter/src/scheduler/binding.dart:1430:15)
#800    SchedulerBinding.handleDrawFrame (package:flutter/src/scheduler/binding.dart:1345:9)
#801    AutomatedTestWidgetsFlutterBinding.pump.<anonymous closure> (package:flutter_test/src/binding.dart:1960:9)
#804    TestAsyncUtils.guard (package:flutter_test/src/test_async_utils.dart:74:41)
#805    AutomatedTestWidgetsFlutterBinding.pump (package:flutter_test/src/binding.dart:1949:27)
#806    WidgetTester.pumpWidget.<anonymous closure> (package:flutter_test/src/widget_tester.dart:598:22)
#809    TestAsyncUtils.guard (package:flutter_test/src/test_async_utils.dart:74:41)
#810    WidgetTester.pumpWidget (package:flutter_test/src/widget_tester.dart:595:27)
#811    main.<anonymous closure>.<anonymous closure> (file:///C:/Users/Administrator/Documents/Tugas%20Akhir/smart-farming-app%20-%20Copy/test/screen/penyakit_ayam/penyakit_ayam_screen_test.dart:17:20)
#812    testWidgets.<anonymous closure>.<anonymous closure> (package:flutter_test/src/widget_tester.dart:192:29)
<asynchronous suspension>
#813    TestWidgetsFlutterBinding._runTestBody (package:flutter_test/src/binding.dart:1682:5)
<asynchronous suspension>
<asynchronous suspension>
(elided 5 frames from dart:async and package:stack_trace)

ΓòÉΓòÉΓòÉΓòÉΓòÉΓòÉΓòÉΓòÉΓòÉΓòÉΓòÉΓòÉΓòÉΓòÉΓòÉΓòÉΓòÉΓòÉΓòÉΓòÉΓòÉΓòÉΓòÉΓòÉΓòÉΓòÉΓòÉΓòÉΓòÉΓòÉΓòÉΓòÉΓòÉΓòÉΓòÉΓòÉΓòÉΓòÉΓòÉΓòÉΓòÉΓòÉΓòÉΓòÉΓòÉΓòÉΓòÉΓòÉΓòÉΓòÉΓòÉΓòÉΓòÉΓòÉΓòÉΓòÉΓòÉΓòÉΓòÉΓòÉΓòÉΓòÉΓòÉΓòÉΓòÉΓòÉΓòÉΓòÉΓòÉΓòÉΓòÉΓòÉΓòÉΓòÉΓòÉΓòÉΓòÉΓòÉΓòÉΓòÉΓòÉΓòÉΓòÉΓòÉΓòÉΓòÉΓòÉΓòÉΓòÉΓòÉΓòÉΓòÉΓòÉΓòÉΓòÉΓòÉΓòÉΓòÉΓòÉΓòÉ
ΓòÉΓòÉΓòí EXCEPTION CAUGHT BY FLUTTER TEST FRAMEWORK Γò₧ΓòÉΓòÉΓòÉΓòÉΓòÉΓòÉΓòÉΓòÉΓòÉΓòÉΓòÉΓòÉΓòÉΓòÉΓòÉΓòÉΓòÉΓòÉΓòÉΓòÉΓòÉΓòÉΓòÉΓòÉΓòÉΓòÉΓòÉΓòÉΓòÉΓòÉΓòÉΓòÉΓòÉΓòÉΓòÉΓòÉΓòÉΓòÉΓòÉΓòÉΓòÉΓòÉΓòÉΓòÉΓòÉΓòÉΓòÉΓòÉΓòÉΓòÉΓòÉΓòÉ
The following TestFailure was thrown running a test:
Expected: exactly one matching candidate
  Actual: _TextWidgetFinder:<Found 0 widgets with text "Tidak ada data penanganan": []>
   Which: means none were found but one was expected

When the exception was thrown, this was the stack:
#4      main.<anonymous closure>.<anonymous closure> (file:///C:/Users/Administrator/Documents/Tugas%20Akhir/smart-farming-app%20-%20Copy/test/screen/penyakit_ayam/penyakit_ayam_screen_test.dart:20:7)
<asynchronous suspension>
#5      testWidgets.<anonymous closure>.<anonymous closure> (package:flutter_test/src/widget_tester.dart:192:15)
<asynchronous suspension>
#6      TestWidgetsFlutterBinding._runTestBody (package:flutter_test/src/binding.dart:1682:5)
<asynchronous suspension>
<asynchronous suspension>
(elided one frame from package:stack_trace)

This was caught by the test expectation on the following line:
  file:///C:/Users/Administrator/Documents/Tugas%20Akhir/smart-farming-app%20-%20Copy/test/screen/penyakit_ayam/penyakit_ayam_screen_test.dart line 20
The test description was:
  Menampilkan state kosong jika tidak ada data penanganan
ΓòÉΓòÉΓòÉΓòÉΓòÉΓòÉΓòÉΓòÉΓòÉΓòÉΓòÉΓòÉΓòÉΓòÉΓòÉΓòÉΓòÉΓòÉΓòÉΓòÉΓòÉΓòÉΓòÉΓòÉΓòÉΓòÉΓòÉΓòÉΓòÉΓòÉΓòÉΓòÉΓòÉΓòÉΓòÉΓòÉΓòÉΓòÉΓòÉΓòÉΓòÉΓòÉΓòÉΓòÉΓòÉΓòÉΓòÉΓòÉΓòÉΓòÉΓòÉΓòÉΓòÉΓòÉΓòÉΓòÉΓòÉΓòÉΓòÉΓòÉΓòÉΓòÉΓòÉΓòÉΓòÉΓòÉΓòÉΓòÉΓòÉΓòÉΓòÉΓòÉΓòÉΓòÉΓòÉΓòÉΓòÉΓòÉΓòÉΓòÉΓòÉΓòÉΓòÉΓòÉΓòÉΓòÉΓòÉΓòÉΓòÉΓòÉΓòÉΓòÉΓòÉΓòÉΓòÉΓòÉΓòÉΓòÉΓòÉΓòÉ
ΓòÉΓòÉΓòí EXCEPTION CAUGHT BY FLUTTER TEST FRAMEWORK Γò₧ΓòÉΓòÉΓòÉΓòÉΓòÉΓòÉΓòÉΓòÉΓòÉΓòÉΓòÉΓòÉΓòÉΓòÉΓòÉΓòÉΓòÉΓòÉΓòÉΓòÉΓòÉΓòÉΓòÉΓòÉΓòÉΓòÉΓòÉΓòÉΓòÉΓòÉΓòÉΓòÉΓòÉΓòÉΓòÉΓòÉΓòÉΓòÉΓòÉΓòÉΓòÉΓòÉΓòÉΓòÉΓòÉΓòÉΓòÉΓòÉΓòÉΓòÉΓòÉΓòÉ
The following message was thrown:
Multiple exceptions (2) were detected during the running of the current test, and at least one was
unexpected.
ΓòÉΓòÉΓòÉΓòÉΓòÉΓòÉΓòÉΓòÉΓòÉΓòÉΓòÉΓòÉΓòÉΓòÉΓòÉΓòÉΓòÉΓòÉΓòÉΓòÉΓòÉΓòÉΓòÉΓòÉΓòÉΓòÉΓòÉΓòÉΓòÉΓòÉΓòÉΓòÉΓòÉΓòÉΓòÉΓòÉΓòÉΓòÉΓòÉΓòÉΓòÉΓòÉΓòÉΓòÉΓòÉΓòÉΓòÉΓòÉΓòÉΓòÉΓòÉΓòÉΓòÉΓòÉΓòÉΓòÉΓòÉΓòÉΓòÉΓòÉΓòÉΓòÉΓòÉΓòÉΓòÉΓòÉΓòÉΓòÉΓòÉΓòÉΓòÉΓòÉΓòÉΓòÉΓòÉΓòÉΓòÉΓòÉΓòÉΓòÉΓòÉΓòÉΓòÉΓòÉΓòÉΓòÉΓòÉΓòÉΓòÉΓòÉΓòÉΓòÉΓòÉΓòÉΓòÉΓòÉΓòÉΓòÉΓòÉΓòÉ
00:00 +0 -2: PilihPenanganan Screen Tests Menampilkan state kosong jika tidak ada data penanganan [E]
  Test failed. See exception logs above.
  The test description was: Menampilkan state kosong jika tidak ada data penanganan
  
00:00 +0 -2: PilihPenyakitAyam Screen Tests Menampilkan indikator loading saat inisialisasi
ΓòÉΓòÉΓòí EXCEPTION CAUGHT BY WIDGETS LIBRARY Γò₧ΓòÉΓòÉΓòÉΓòÉΓòÉΓòÉΓòÉΓòÉΓòÉΓòÉΓòÉΓòÉΓòÉΓòÉΓòÉΓòÉΓòÉΓòÉΓòÉΓòÉΓòÉΓòÉΓòÉΓòÉΓòÉΓòÉΓòÉΓòÉΓòÉΓòÉΓòÉΓòÉΓòÉΓòÉΓòÉΓòÉΓòÉΓòÉΓòÉΓòÉΓòÉΓòÉΓòÉΓòÉΓòÉΓòÉΓòÉΓòÉΓòÉΓòÉΓòÉΓòÉΓòÉΓòÉΓòÉΓòÉΓòÉΓòÉΓòÉ
The following NotInitializedError was thrown building Builder:
Instance of 'NotInitializedError'

The relevant error-causing widget was:
  MaterialApp
  MaterialApp:file:///C:/Users/Administrator/Documents/Tugas%20Akhir/smart-farming-app%20-%20Copy/test/screen/penyakit_ayam/penyakit_ayam_screen_test.dart:26:37

When the exception was thrown, this was the stack:
#0      DotEnv.env (package:flutter_dotenv/src/dotenv.dart:41:7)
#1      new GejalaPenyakitAyam (package:smart_farming_app/service/gejala_penyakit_ayam.dart:13:36)
#2      new _PilihPenyakitAyamState (package:smart_farming_app/screen/penyakit_ayam/pilih_penyakit_ayam.dart:21:45)
#3      PilihPenyakitAyam.createState (package:smart_farming_app/screen/penyakit_ayam/pilih_penyakit_ayam.dart:17:45)
#4      new StatefulElement (package:flutter/src/widgets/framework.dart:5902:60)
#5      StatefulWidget.createElement (package:flutter/src/widgets/framework.dart:779:38)
...     Normal element mounting (260 frames)
#265    Element.inflateWidget (package:flutter/src/widgets/framework.dart:4587:20)
#266    MultiChildRenderObjectElement.inflateWidget (package:flutter/src/widgets/framework.dart:7264:36)
#267    MultiChildRenderObjectElement.mount (package:flutter/src/widgets/framework.dart:7279:32)
...     Normal element mounting (467 frames)
#734    Element.inflateWidget (package:flutter/src/widgets/framework.dart:4587:20)
#735    Element.updateChild (package:flutter/src/widgets/framework.dart:4053:20)
#736    ComponentElement.performRebuild (package:flutter/src/widgets/framework.dart:5841:16)
#737    Element.rebuild (package:flutter/src/widgets/framework.dart:5529:7)
#738    ProxyElement.update (package:flutter/src/widgets/framework.dart:6149:5)
#739    _InheritedNotifierElement.update (package:flutter/src/widgets/inherited_notifier.dart:108:11)
#740    Element.updateChild (package:flutter/src/widgets/framework.dart:4037:15)
#741    ComponentElement.performRebuild (package:flutter/src/widgets/framework.dart:5841:16)
#742    StatefulElement.performRebuild (package:flutter/src/widgets/framework.dart:5982:11)
#743    Element.rebuild (package:flutter/src/widgets/framework.dart:5529:7)
#744    StatefulElement.update (package:flutter/src/widgets/framework.dart:6007:5)
#745    Element.updateChild (package:flutter/src/widgets/framework.dart:4037:15)
#746    ComponentElement.performRebuild (package:flutter/src/widgets/framework.dart:5841:16)
#747    Element.rebuild (package:flutter/src/widgets/framework.dart:5529:7)
#748    ProxyElement.update (package:flutter/src/widgets/framework.dart:6149:5)
#749    _InheritedNotifierElement.update (package:flutter/src/widgets/inherited_notifier.dart:108:11)
#750    Element.updateChild (package:flutter/src/widgets/framework.dart:4037:15)
#751    ComponentElement.performRebuild (package:flutter/src/widgets/framework.dart:5841:16)
#752    StatefulElement.performRebuild (package:flutter/src/widgets/framework.dart:5982:11)
#753    Element.rebuild (package:flutter/src/widgets/framework.dart:5529:7)
#754    StatefulElement.update (package:flutter/src/widgets/framework.dart:6007:5)
#755    Element.updateChild (package:flutter/src/widgets/framework.dart:4037:15)
#756    ComponentElement.performRebuild (package:flutter/src/widgets/framework.dart:5841:16)
#757    StatefulElement.performRebuild (package:flutter/src/widgets/framework.dart:5982:11)
#758    Element.rebuild (package:flutter/src/widgets/framework.dart:5529:7)
#759    StatefulElement.update (package:flutter/src/widgets/framework.dart:6007:5)
#760    Element.updateChild (package:flutter/src/widgets/framework.dart:4037:15)
#761    ComponentElement.performRebuild (package:flutter/src/widgets/framework.dart:5841:16)
#762    Element.rebuild (package:flutter/src/widgets/framework.dart:5529:7)
#763    ProxyElement.update (package:flutter/src/widgets/framework.dart:6149:5)
#764    Element.updateChild (package:flutter/src/widgets/framework.dart:4037:15)
#765    ComponentElement.performRebuild (package:flutter/src/widgets/framework.dart:5841:16)
#766    StatefulElement.performRebuild (package:flutter/src/widgets/framework.dart:5982:11)
#767    Element.rebuild (package:flutter/src/widgets/framework.dart:5529:7)
#768    StatefulElement.update (package:flutter/src/widgets/framework.dart:6007:5)
#769    Element.updateChild (package:flutter/src/widgets/framework.dart:4037:15)
#770    ComponentElement.performRebuild (package:flutter/src/widgets/framework.dart:5841:16)
#771    Element.rebuild (package:flutter/src/widgets/framework.dart:5529:7)
#772    ProxyElement.update (package:flutter/src/widgets/framework.dart:6149:5)
#773    Element.updateChild (package:flutter/src/widgets/framework.dart:4037:15)
#774    ComponentElement.performRebuild (package:flutter/src/widgets/framework.dart:5841:16)
#775    Element.rebuild (package:flutter/src/widgets/framework.dart:5529:7)
#776    ProxyElement.update (package:flutter/src/widgets/framework.dart:6149:5)
#777    Element.updateChild (package:flutter/src/widgets/framework.dart:4037:15)
#778    _RawViewElement._updateChild (package:flutter/src/widgets/view.dart:481:16)
#779    _RawViewElement.update (package:flutter/src/widgets/view.dart:568:5)
#780    Element.updateChild (package:flutter/src/widgets/framework.dart:4037:15)
#781    ComponentElement.performRebuild (package:flutter/src/widgets/framework.dart:5841:16)
#782    Element.rebuild (package:flutter/src/widgets/framework.dart:5529:7)
#783    StatelessElement.update (package:flutter/src/widgets/framework.dart:5895:5)
#784    Element.updateChild (package:flutter/src/widgets/framework.dart:4037:15)
#785    ComponentElement.performRebuild (package:flutter/src/widgets/framework.dart:5841:16)
#786    StatefulElement.performRebuild (package:flutter/src/widgets/framework.dart:5982:11)
#787    Element.rebuild (package:flutter/src/widgets/framework.dart:5529:7)
#788    StatefulElement.update (package:flutter/src/widgets/framework.dart:6007:5)
#789    Element.updateChild (package:flutter/src/widgets/framework.dart:4037:15)
#790    RootElement._rebuild (package:flutter/src/widgets/binding.dart:1822:16)
#791    RootElement.update (package:flutter/src/widgets/binding.dart:1800:5)
#792    RootElement.performRebuild (package:flutter/src/widgets/binding.dart:1814:7)
#793    Element.rebuild (package:flutter/src/widgets/framework.dart:5529:7)
#794    BuildScope._tryRebuild (package:flutter/src/widgets/framework.dart:2750:15)
#795    BuildScope._flushDirtyElements (package:flutter/src/widgets/framework.dart:2807:11)
#796    BuildOwner.buildScope (package:flutter/src/widgets/framework.dart:3111:18)
#797    AutomatedTestWidgetsFlutterBinding.drawFrame (package:flutter_test/src/binding.dart:2131:19)
#798    RendererBinding._handlePersistentFrameCallback (package:flutter/src/rendering/binding.dart:495:5)
#799    SchedulerBinding._invokeFrameCallback (package:flutter/src/scheduler/binding.dart:1430:15)
#800    SchedulerBinding.handleDrawFrame (package:flutter/src/scheduler/binding.dart:1345:9)
#801    AutomatedTestWidgetsFlutterBinding.pump.<anonymous closure> (package:flutter_test/src/binding.dart:1960:9)
#804    TestAsyncUtils.guard (package:flutter_test/src/test_async_utils.dart:74:41)
#805    AutomatedTestWidgetsFlutterBinding.pump (package:flutter_test/src/binding.dart:1949:27)
#806    WidgetTester.pumpWidget.<anonymous closure> (package:flutter_test/src/widget_tester.dart:598:22)
#809    TestAsyncUtils.guard (package:flutter_test/src/test_async_utils.dart:74:41)
#810    WidgetTester.pumpWidget (package:flutter_test/src/widget_tester.dart:595:27)
#811    main.<anonymous closure>.<anonymous closure> (file:///C:/Users/Administrator/Documents/Tugas%20Akhir/smart-farming-app%20-%20Copy/test/screen/penyakit_ayam/penyakit_ayam_screen_test.dart:26:20)
#812    testWidgets.<anonymous closure>.<anonymous closure> (package:flutter_test/src/widget_tester.dart:192:29)
<asynchronous suspension>
#813    TestWidgetsFlutterBinding._runTestBody (package:flutter_test/src/binding.dart:1682:5)
<asynchronous suspension>
<asynchronous suspension>
(elided 5 frames from dart:async and package:stack_trace)

ΓòÉΓòÉΓòÉΓòÉΓòÉΓòÉΓòÉΓòÉΓòÉΓòÉΓòÉΓòÉΓòÉΓòÉΓòÉΓòÉΓòÉΓòÉΓòÉΓòÉΓòÉΓòÉΓòÉΓòÉΓòÉΓòÉΓòÉΓòÉΓòÉΓòÉΓòÉΓòÉΓòÉΓòÉΓòÉΓòÉΓòÉΓòÉΓòÉΓòÉΓòÉΓòÉΓòÉΓòÉΓòÉΓòÉΓòÉΓòÉΓòÉΓòÉΓòÉΓòÉΓòÉΓòÉΓòÉΓòÉΓòÉΓòÉΓòÉΓòÉΓòÉΓòÉΓòÉΓòÉΓòÉΓòÉΓòÉΓòÉΓòÉΓòÉΓòÉΓòÉΓòÉΓòÉΓòÉΓòÉΓòÉΓòÉΓòÉΓòÉΓòÉΓòÉΓòÉΓòÉΓòÉΓòÉΓòÉΓòÉΓòÉΓòÉΓòÉΓòÉΓòÉΓòÉΓòÉΓòÉΓòÉΓòÉΓòÉΓòÉ
ΓòÉΓòÉΓòí EXCEPTION CAUGHT BY FLUTTER TEST FRAMEWORK Γò₧ΓòÉΓòÉΓòÉΓòÉΓòÉΓòÉΓòÉΓòÉΓòÉΓòÉΓòÉΓòÉΓòÉΓòÉΓòÉΓòÉΓòÉΓòÉΓòÉΓòÉΓòÉΓòÉΓòÉΓòÉΓòÉΓòÉΓòÉΓòÉΓòÉΓòÉΓòÉΓòÉΓòÉΓòÉΓòÉΓòÉΓòÉΓòÉΓòÉΓòÉΓòÉΓòÉΓòÉΓòÉΓòÉΓòÉΓòÉΓòÉΓòÉΓòÉΓòÉΓòÉ
The following TestFailure was thrown running a test:
Expected: exactly one matching candidate
  Actual: _TypeWidgetFinder:<Found 0 widgets with type "CircularProgressIndicator": []>
   Which: means none were found but one was expected

When the exception was thrown, this was the stack:
#4      main.<anonymous closure>.<anonymous closure> (file:///C:/Users/Administrator/Documents/Tugas%20Akhir/smart-farming-app%20-%20Copy/test/screen/penyakit_ayam/penyakit_ayam_screen_test.dart:28:7)
<asynchronous suspension>
#5      testWidgets.<anonymous closure>.<anonymous closure> (package:flutter_test/src/widget_tester.dart:192:15)
<asynchronous suspension>
#6      TestWidgetsFlutterBinding._runTestBody (package:flutter_test/src/binding.dart:1682:5)
<asynchronous suspension>
<asynchronous suspension>
(elided one frame from package:stack_trace)

This was caught by the test expectation on the following line:
  file:///C:/Users/Administrator/Documents/Tugas%20Akhir/smart-farming-app%20-%20Copy/test/screen/penyakit_ayam/penyakit_ayam_screen_test.dart line 28
The test description was:
  Menampilkan indikator loading saat inisialisasi
ΓòÉΓòÉΓòÉΓòÉΓòÉΓòÉΓòÉΓòÉΓòÉΓòÉΓòÉΓòÉΓòÉΓòÉΓòÉΓòÉΓòÉΓòÉΓòÉΓòÉΓòÉΓòÉΓòÉΓòÉΓòÉΓòÉΓòÉΓòÉΓòÉΓòÉΓòÉΓòÉΓòÉΓòÉΓòÉΓòÉΓòÉΓòÉΓòÉΓòÉΓòÉΓòÉΓòÉΓòÉΓòÉΓòÉΓòÉΓòÉΓòÉΓòÉΓòÉΓòÉΓòÉΓòÉΓòÉΓòÉΓòÉΓòÉΓòÉΓòÉΓòÉΓòÉΓòÉΓòÉΓòÉΓòÉΓòÉΓòÉΓòÉΓòÉΓòÉΓòÉΓòÉΓòÉΓòÉΓòÉΓòÉΓòÉΓòÉΓòÉΓòÉΓòÉΓòÉΓòÉΓòÉΓòÉΓòÉΓòÉΓòÉΓòÉΓòÉΓòÉΓòÉΓòÉΓòÉΓòÉΓòÉΓòÉΓòÉΓòÉ
ΓòÉΓòÉΓòí EXCEPTION CAUGHT BY FLUTTER TEST FRAMEWORK Γò₧ΓòÉΓòÉΓòÉΓòÉΓòÉΓòÉΓòÉΓòÉΓòÉΓòÉΓòÉΓòÉΓòÉΓòÉΓòÉΓòÉΓòÉΓòÉΓòÉΓòÉΓòÉΓòÉΓòÉΓòÉΓòÉΓòÉΓòÉΓòÉΓòÉΓòÉΓòÉΓòÉΓòÉΓòÉΓòÉΓòÉΓòÉΓòÉΓòÉΓòÉΓòÉΓòÉΓòÉΓòÉΓòÉΓòÉΓòÉΓòÉΓòÉΓòÉΓòÉΓòÉ
The following message was thrown:
Multiple exceptions (2) were detected during the running of the current test, and at least one was
unexpected.
ΓòÉΓòÉΓòÉΓòÉΓòÉΓòÉΓòÉΓòÉΓòÉΓòÉΓòÉΓòÉΓòÉΓòÉΓòÉΓòÉΓòÉΓòÉΓòÉΓòÉΓòÉΓòÉΓòÉΓòÉΓòÉΓòÉΓòÉΓòÉΓòÉΓòÉΓòÉΓòÉΓòÉΓòÉΓòÉΓòÉΓòÉΓòÉΓòÉΓòÉΓòÉΓòÉΓòÉΓòÉΓòÉΓòÉΓòÉΓòÉΓòÉΓòÉΓòÉΓòÉΓòÉΓòÉΓòÉΓòÉΓòÉΓòÉΓòÉΓòÉΓòÉΓòÉΓòÉΓòÉΓòÉΓòÉΓòÉΓòÉΓòÉΓòÉΓòÉΓòÉΓòÉΓòÉΓòÉΓòÉΓòÉΓòÉΓòÉΓòÉΓòÉΓòÉΓòÉΓòÉΓòÉΓòÉΓòÉΓòÉΓòÉΓòÉΓòÉΓòÉΓòÉΓòÉΓòÉΓòÉΓòÉΓòÉΓòÉΓòÉ
00:00 +0 -3: PilihPenyakitAyam Screen Tests Menampilkan indikator loading saat inisialisasi [E]
  Test failed. See exception logs above.
  The test description was: Menampilkan indikator loading saat inisialisasi
  
00:00 +0 -3: PilihPenyakitAyam Screen Tests Menampilkan state kosong jika tidak ada data penyakit
ΓòÉΓòÉΓòí EXCEPTION CAUGHT BY WIDGETS LIBRARY Γò₧ΓòÉΓòÉΓòÉΓòÉΓòÉΓòÉΓòÉΓòÉΓòÉΓòÉΓòÉΓòÉΓòÉΓòÉΓòÉΓòÉΓòÉΓòÉΓòÉΓòÉΓòÉΓòÉΓòÉΓòÉΓòÉΓòÉΓòÉΓòÉΓòÉΓòÉΓòÉΓòÉΓòÉΓòÉΓòÉΓòÉΓòÉΓòÉΓòÉΓòÉΓòÉΓòÉΓòÉΓòÉΓòÉΓòÉΓòÉΓòÉΓòÉΓòÉΓòÉΓòÉΓòÉΓòÉΓòÉΓòÉΓòÉΓòÉΓòÉ
The following NotInitializedError was thrown building Builder:
Instance of 'NotInitializedError'

The relevant error-causing widget was:
  MaterialApp
  MaterialApp:file:///C:/Users/Administrator/Documents/Tugas%20Akhir/smart-farming-app%20-%20Copy/test/screen/penyakit_ayam/penyakit_ayam_screen_test.dart:33:37

When the exception was thrown, this was the stack:
#0      DotEnv.env (package:flutter_dotenv/src/dotenv.dart:41:7)
#1      new GejalaPenyakitAyam (package:smart_farming_app/service/gejala_penyakit_ayam.dart:13:36)
#2      new _PilihPenyakitAyamState (package:smart_farming_app/screen/penyakit_ayam/pilih_penyakit_ayam.dart:21:45)
#3      PilihPenyakitAyam.createState (package:smart_farming_app/screen/penyakit_ayam/pilih_penyakit_ayam.dart:17:45)
#4      new StatefulElement (package:flutter/src/widgets/framework.dart:5902:60)
#5      StatefulWidget.createElement (package:flutter/src/widgets/framework.dart:779:38)
...     Normal element mounting (260 frames)
#265    Element.inflateWidget (package:flutter/src/widgets/framework.dart:4587:20)
#266    MultiChildRenderObjectElement.inflateWidget (package:flutter/src/widgets/framework.dart:7264:36)
#267    MultiChildRenderObjectElement.mount (package:flutter/src/widgets/framework.dart:7279:32)
...     Normal element mounting (467 frames)
#734    Element.inflateWidget (package:flutter/src/widgets/framework.dart:4587:20)
#735    Element.updateChild (package:flutter/src/widgets/framework.dart:4053:20)
#736    ComponentElement.performRebuild (package:flutter/src/widgets/framework.dart:5841:16)
#737    Element.rebuild (package:flutter/src/widgets/framework.dart:5529:7)
#738    ProxyElement.update (package:flutter/src/widgets/framework.dart:6149:5)
#739    _InheritedNotifierElement.update (package:flutter/src/widgets/inherited_notifier.dart:108:11)
#740    Element.updateChild (package:flutter/src/widgets/framework.dart:4037:15)
#741    ComponentElement.performRebuild (package:flutter/src/widgets/framework.dart:5841:16)
#742    StatefulElement.performRebuild (package:flutter/src/widgets/framework.dart:5982:11)
#743    Element.rebuild (package:flutter/src/widgets/framework.dart:5529:7)
#744    StatefulElement.update (package:flutter/src/widgets/framework.dart:6007:5)
#745    Element.updateChild (package:flutter/src/widgets/framework.dart:4037:15)
#746    ComponentElement.performRebuild (package:flutter/src/widgets/framework.dart:5841:16)
#747    Element.rebuild (package:flutter/src/widgets/framework.dart:5529:7)
#748    ProxyElement.update (package:flutter/src/widgets/framework.dart:6149:5)
#749    _InheritedNotifierElement.update (package:flutter/src/widgets/inherited_notifier.dart:108:11)
#750    Element.updateChild (package:flutter/src/widgets/framework.dart:4037:15)
#751    ComponentElement.performRebuild (package:flutter/src/widgets/framework.dart:5841:16)
#752    StatefulElement.performRebuild (package:flutter/src/widgets/framework.dart:5982:11)
#753    Element.rebuild (package:flutter/src/widgets/framework.dart:5529:7)
#754    StatefulElement.update (package:flutter/src/widgets/framework.dart:6007:5)
#755    Element.updateChild (package:flutter/src/widgets/framework.dart:4037:15)
#756    ComponentElement.performRebuild (package:flutter/src/widgets/framework.dart:5841:16)
#757    StatefulElement.performRebuild (package:flutter/src/widgets/framework.dart:5982:11)
#758    Element.rebuild (package:flutter/src/widgets/framework.dart:5529:7)
#759    StatefulElement.update (package:flutter/src/widgets/framework.dart:6007:5)
#760    Element.updateChild (package:flutter/src/widgets/framework.dart:4037:15)
#761    ComponentElement.performRebuild (package:flutter/src/widgets/framework.dart:5841:16)
#762    Element.rebuild (package:flutter/src/widgets/framework.dart:5529:7)
#763    ProxyElement.update (package:flutter/src/widgets/framework.dart:6149:5)
#764    Element.updateChild (package:flutter/src/widgets/framework.dart:4037:15)
#765    ComponentElement.performRebuild (package:flutter/src/widgets/framework.dart:5841:16)
#766    StatefulElement.performRebuild (package:flutter/src/widgets/framework.dart:5982:11)
#767    Element.rebuild (package:flutter/src/widgets/framework.dart:5529:7)
#768    StatefulElement.update (package:flutter/src/widgets/framework.dart:6007:5)
#769    Element.updateChild (package:flutter/src/widgets/framework.dart:4037:15)
#770    ComponentElement.performRebuild (package:flutter/src/widgets/framework.dart:5841:16)
#771    Element.rebuild (package:flutter/src/widgets/framework.dart:5529:7)
#772    ProxyElement.update (package:flutter/src/widgets/framework.dart:6149:5)
#773    Element.updateChild (package:flutter/src/widgets/framework.dart:4037:15)
#774    ComponentElement.performRebuild (package:flutter/src/widgets/framework.dart:5841:16)
#775    Element.rebuild (package:flutter/src/widgets/framework.dart:5529:7)
#776    ProxyElement.update (package:flutter/src/widgets/framework.dart:6149:5)
#777    Element.updateChild (package:flutter/src/widgets/framework.dart:4037:15)
#778    _RawViewElement._updateChild (package:flutter/src/widgets/view.dart:481:16)
#779    _RawViewElement.update (package:flutter/src/widgets/view.dart:568:5)
#780    Element.updateChild (package:flutter/src/widgets/framework.dart:4037:15)
#781    ComponentElement.performRebuild (package:flutter/src/widgets/framework.dart:5841:16)
#782    Element.rebuild (package:flutter/src/widgets/framework.dart:5529:7)
#783    StatelessElement.update (package:flutter/src/widgets/framework.dart:5895:5)
#784    Element.updateChild (package:flutter/src/widgets/framework.dart:4037:15)
#785    ComponentElement.performRebuild (package:flutter/src/widgets/framework.dart:5841:16)
#786    StatefulElement.performRebuild (package:flutter/src/widgets/framework.dart:5982:11)
#787    Element.rebuild (package:flutter/src/widgets/framework.dart:5529:7)
#788    StatefulElement.update (package:flutter/src/widgets/framework.dart:6007:5)
#789    Element.updateChild (package:flutter/src/widgets/framework.dart:4037:15)
#790    RootElement._rebuild (package:flutter/src/widgets/binding.dart:1822:16)
#791    RootElement.update (package:flutter/src/widgets/binding.dart:1800:5)
#792    RootElement.performRebuild (package:flutter/src/widgets/binding.dart:1814:7)
#793    Element.rebuild (package:flutter/src/widgets/framework.dart:5529:7)
#794    BuildScope._tryRebuild (package:flutter/src/widgets/framework.dart:2750:15)
#795    BuildScope._flushDirtyElements (package:flutter/src/widgets/framework.dart:2807:11)
#796    BuildOwner.buildScope (package:flutter/src/widgets/framework.dart:3111:18)
#797    AutomatedTestWidgetsFlutterBinding.drawFrame (package:flutter_test/src/binding.dart:2131:19)
#798    RendererBinding._handlePersistentFrameCallback (package:flutter/src/rendering/binding.dart:495:5)
#799    SchedulerBinding._invokeFrameCallback (package:flutter/src/scheduler/binding.dart:1430:15)
#800    SchedulerBinding.handleDrawFrame (package:flutter/src/scheduler/binding.dart:1345:9)
#801    AutomatedTestWidgetsFlutterBinding.pump.<anonymous closure> (package:flutter_test/src/binding.dart:1960:9)
#804    TestAsyncUtils.guard (package:flutter_test/src/test_async_utils.dart:74:41)
#805    AutomatedTestWidgetsFlutterBinding.pump (package:flutter_test/src/binding.dart:1949:27)
#806    WidgetTester.pumpWidget.<anonymous closure> (package:flutter_test/src/widget_tester.dart:598:22)
#809    TestAsyncUtils.guard (package:flutter_test/src/test_async_utils.dart:74:41)
#810    WidgetTester.pumpWidget (package:flutter_test/src/widget_tester.dart:595:27)
#811    main.<anonymous closure>.<anonymous closure> (file:///C:/Users/Administrator/Documents/Tugas%20Akhir/smart-farming-app%20-%20Copy/test/screen/penyakit_ayam/penyakit_ayam_screen_test.dart:33:20)
#812    testWidgets.<anonymous closure>.<anonymous closure> (package:flutter_test/src/widget_tester.dart:192:29)
<asynchronous suspension>
#813    TestWidgetsFlutterBinding._runTestBody (package:flutter_test/src/binding.dart:1682:5)
<asynchronous suspension>
<asynchronous suspension>
(elided 5 frames from dart:async and package:stack_trace)

ΓòÉΓòÉΓòÉΓòÉΓòÉΓòÉΓòÉΓòÉΓòÉΓòÉΓòÉΓòÉΓòÉΓòÉΓòÉΓòÉΓòÉΓòÉΓòÉΓòÉΓòÉΓòÉΓòÉΓòÉΓòÉΓòÉΓòÉΓòÉΓòÉΓòÉΓòÉΓòÉΓòÉΓòÉΓòÉΓòÉΓòÉΓòÉΓòÉΓòÉΓòÉΓòÉΓòÉΓòÉΓòÉΓòÉΓòÉΓòÉΓòÉΓòÉΓòÉΓòÉΓòÉΓòÉΓòÉΓòÉΓòÉΓòÉΓòÉΓòÉΓòÉΓòÉΓòÉΓòÉΓòÉΓòÉΓòÉΓòÉΓòÉΓòÉΓòÉΓòÉΓòÉΓòÉΓòÉΓòÉΓòÉΓòÉΓòÉΓòÉΓòÉΓòÉΓòÉΓòÉΓòÉΓòÉΓòÉΓòÉΓòÉΓòÉΓòÉΓòÉΓòÉΓòÉΓòÉΓòÉΓòÉΓòÉΓòÉΓòÉ
ΓòÉΓòÉΓòí EXCEPTION CAUGHT BY FLUTTER TEST FRAMEWORK Γò₧ΓòÉΓòÉΓòÉΓòÉΓòÉΓòÉΓòÉΓòÉΓòÉΓòÉΓòÉΓòÉΓòÉΓòÉΓòÉΓòÉΓòÉΓòÉΓòÉΓòÉΓòÉΓòÉΓòÉΓòÉΓòÉΓòÉΓòÉΓòÉΓòÉΓòÉΓòÉΓòÉΓòÉΓòÉΓòÉΓòÉΓòÉΓòÉΓòÉΓòÉΓòÉΓòÉΓòÉΓòÉΓòÉΓòÉΓòÉΓòÉΓòÉΓòÉΓòÉΓòÉ
The following TestFailure was thrown running a test:
Expected: exactly one matching candidate
  Actual: _TextWidgetFinder:<Found 0 widgets with text "Tidak ada data penyakit": []>
   Which: means none were found but one was expected

When the exception was thrown, this was the stack:
#4      main.<anonymous closure>.<anonymous closure> (file:///C:/Users/Administrator/Documents/Tugas%20Akhir/smart-farming-app%20-%20Copy/test/screen/penyakit_ayam/penyakit_ayam_screen_test.dart:36:7)
<asynchronous suspension>
#5      testWidgets.<anonymous closure>.<anonymous closure> (package:flutter_test/src/widget_tester.dart:192:15)
<asynchronous suspension>
#6      TestWidgetsFlutterBinding._runTestBody (package:flutter_test/src/binding.dart:1682:5)
<asynchronous suspension>
<asynchronous suspension>
(elided one frame from package:stack_trace)

This was caught by the test expectation on the following line:
  file:///C:/Users/Administrator/Documents/Tugas%20Akhir/smart-farming-app%20-%20Copy/test/screen/penyakit_ayam/penyakit_ayam_screen_test.dart line 36
The test description was:
  Menampilkan state kosong jika tidak ada data penyakit
ΓòÉΓòÉΓòÉΓòÉΓòÉΓòÉΓòÉΓòÉΓòÉΓòÉΓòÉΓòÉΓòÉΓòÉΓòÉΓòÉΓòÉΓòÉΓòÉΓòÉΓòÉΓòÉΓòÉΓòÉΓòÉΓòÉΓòÉΓòÉΓòÉΓòÉΓòÉΓòÉΓòÉΓòÉΓòÉΓòÉΓòÉΓòÉΓòÉΓòÉΓòÉΓòÉΓòÉΓòÉΓòÉΓòÉΓòÉΓòÉΓòÉΓòÉΓòÉΓòÉΓòÉΓòÉΓòÉΓòÉΓòÉΓòÉΓòÉΓòÉΓòÉΓòÉΓòÉΓòÉΓòÉΓòÉΓòÉΓòÉΓòÉΓòÉΓòÉΓòÉΓòÉΓòÉΓòÉΓòÉΓòÉΓòÉΓòÉΓòÉΓòÉΓòÉΓòÉΓòÉΓòÉΓòÉΓòÉΓòÉΓòÉΓòÉΓòÉΓòÉΓòÉΓòÉΓòÉΓòÉΓòÉΓòÉΓòÉΓòÉ
ΓòÉΓòÉΓòí EXCEPTION CAUGHT BY FLUTTER TEST FRAMEWORK Γò₧ΓòÉΓòÉΓòÉΓòÉΓòÉΓòÉΓòÉΓòÉΓòÉΓòÉΓòÉΓòÉΓòÉΓòÉΓòÉΓòÉΓòÉΓòÉΓòÉΓòÉΓòÉΓòÉΓòÉΓòÉΓòÉΓòÉΓòÉΓòÉΓòÉΓòÉΓòÉΓòÉΓòÉΓòÉΓòÉΓòÉΓòÉΓòÉΓòÉΓòÉΓòÉΓòÉΓòÉΓòÉΓòÉΓòÉΓòÉΓòÉΓòÉΓòÉΓòÉΓòÉ
The following message was thrown:
Multiple exceptions (2) were detected during the running of the current test, and at least one was
unexpected.
ΓòÉΓòÉΓòÉΓòÉΓòÉΓòÉΓòÉΓòÉΓòÉΓòÉΓòÉΓòÉΓòÉΓòÉΓòÉΓòÉΓòÉΓòÉΓòÉΓòÉΓòÉΓòÉΓòÉΓòÉΓòÉΓòÉΓòÉΓòÉΓòÉΓòÉΓòÉΓòÉΓòÉΓòÉΓòÉΓòÉΓòÉΓòÉΓòÉΓòÉΓòÉΓòÉΓòÉΓòÉΓòÉΓòÉΓòÉΓòÉΓòÉΓòÉΓòÉΓòÉΓòÉΓòÉΓòÉΓòÉΓòÉΓòÉΓòÉΓòÉΓòÉΓòÉΓòÉΓòÉΓòÉΓòÉΓòÉΓòÉΓòÉΓòÉΓòÉΓòÉΓòÉΓòÉΓòÉΓòÉΓòÉΓòÉΓòÉΓòÉΓòÉΓòÉΓòÉΓòÉΓòÉΓòÉΓòÉΓòÉΓòÉΓòÉΓòÉΓòÉΓòÉΓòÉΓòÉΓòÉΓòÉΓòÉΓòÉΓòÉ
00:00 +0 -4: PilihPenyakitAyam Screen Tests Menampilkan state kosong jika tidak ada data penyakit [E]
  Test failed. See exception logs above.
  The test description was: Menampilkan state kosong jika tidak ada data penyakit
  
00:00 +0 -4: TambahPenangananPenyakitAyamScreen Form Validation Menampilkan error jika form disubmit kosong
ΓòÉΓòÉΓòí EXCEPTION CAUGHT BY WIDGETS LIBRARY Γò₧ΓòÉΓòÉΓòÉΓòÉΓòÉΓòÉΓòÉΓòÉΓòÉΓòÉΓòÉΓòÉΓòÉΓòÉΓòÉΓòÉΓòÉΓòÉΓòÉΓòÉΓòÉΓòÉΓòÉΓòÉΓòÉΓòÉΓòÉΓòÉΓòÉΓòÉΓòÉΓòÉΓòÉΓòÉΓòÉΓòÉΓòÉΓòÉΓòÉΓòÉΓòÉΓòÉΓòÉΓòÉΓòÉΓòÉΓòÉΓòÉΓòÉΓòÉΓòÉΓòÉΓòÉΓòÉΓòÉΓòÉΓòÉΓòÉΓòÉ
The following NotInitializedError was thrown building Builder:
Instance of 'NotInitializedError'

The relevant error-causing widget was:
  MaterialApp
  MaterialApp:file:///C:/Users/Administrator/Documents/Tugas%20Akhir/smart-farming-app%20-%20Copy/test/screen/penyakit_ayam/penyakit_ayam_screen_test.dart:42:37

When the exception was thrown, this was the stack:
#0      DotEnv.env (package:flutter_dotenv/src/dotenv.dart:41:7)
#1      new GejalaPenyakitAyam (package:smart_farming_app/service/gejala_penyakit_ayam.dart:13:36)
#2      new _TambahPenangananPenyakitAyamState (package:smart_farming_app/screen/penyakit_ayam/tambah_penanganan_penyakit_ayam.dart:27:27)
#3      TambahPenangananPenyakitAyamScreen.createState (package:smart_farming_app/screen/penyakit_ayam/tambah_penanganan_penyakit_ayam.dart:20:62)
#4      new StatefulElement (package:flutter/src/widgets/framework.dart:5902:60)
#5      StatefulWidget.createElement (package:flutter/src/widgets/framework.dart:779:38)
...     Normal element mounting (260 frames)
#265    Element.inflateWidget (package:flutter/src/widgets/framework.dart:4587:20)
#266    MultiChildRenderObjectElement.inflateWidget (package:flutter/src/widgets/framework.dart:7264:36)
#267    MultiChildRenderObjectElement.mount (package:flutter/src/widgets/framework.dart:7279:32)
...     Normal element mounting (467 frames)
#734    Element.inflateWidget (package:flutter/src/widgets/framework.dart:4587:20)
#735    Element.updateChild (package:flutter/src/widgets/framework.dart:4053:20)
#736    ComponentElement.performRebuild (package:flutter/src/widgets/framework.dart:5841:16)
#737    Element.rebuild (package:flutter/src/widgets/framework.dart:5529:7)
#738    ProxyElement.update (package:flutter/src/widgets/framework.dart:6149:5)
#739    _InheritedNotifierElement.update (package:flutter/src/widgets/inherited_notifier.dart:108:11)
#740    Element.updateChild (package:flutter/src/widgets/framework.dart:4037:15)
#741    ComponentElement.performRebuild (package:flutter/src/widgets/framework.dart:5841:16)
#742    StatefulElement.performRebuild (package:flutter/src/widgets/framework.dart:5982:11)
#743    Element.rebuild (package:flutter/src/widgets/framework.dart:5529:7)
#744    StatefulElement.update (package:flutter/src/widgets/framework.dart:6007:5)
#745    Element.updateChild (package:flutter/src/widgets/framework.dart:4037:15)
#746    ComponentElement.performRebuild (package:flutter/src/widgets/framework.dart:5841:16)
#747    Element.rebuild (package:flutter/src/widgets/framework.dart:5529:7)
#748    ProxyElement.update (package:flutter/src/widgets/framework.dart:6149:5)
#749    _InheritedNotifierElement.update (package:flutter/src/widgets/inherited_notifier.dart:108:11)
#750    Element.updateChild (package:flutter/src/widgets/framework.dart:4037:15)
#751    ComponentElement.performRebuild (package:flutter/src/widgets/framework.dart:5841:16)
#752    StatefulElement.performRebuild (package:flutter/src/widgets/framework.dart:5982:11)
#753    Element.rebuild (package:flutter/src/widgets/framework.dart:5529:7)
#754    StatefulElement.update (package:flutter/src/widgets/framework.dart:6007:5)
#755    Element.updateChild (package:flutter/src/widgets/framework.dart:4037:15)
#756    ComponentElement.performRebuild (package:flutter/src/widgets/framework.dart:5841:16)
#757    StatefulElement.performRebuild (package:flutter/src/widgets/framework.dart:5982:11)
#758    Element.rebuild (package:flutter/src/widgets/framework.dart:5529:7)
#759    StatefulElement.update (package:flutter/src/widgets/framework.dart:6007:5)
#760    Element.updateChild (package:flutter/src/widgets/framework.dart:4037:15)
#761    ComponentElement.performRebuild (package:flutter/src/widgets/framework.dart:5841:16)
#762    Element.rebuild (package:flutter/src/widgets/framework.dart:5529:7)
#763    ProxyElement.update (package:flutter/src/widgets/framework.dart:6149:5)
#764    Element.updateChild (package:flutter/src/widgets/framework.dart:4037:15)
#765    ComponentElement.performRebuild (package:flutter/src/widgets/framework.dart:5841:16)
#766    StatefulElement.performRebuild (package:flutter/src/widgets/framework.dart:5982:11)
#767    Element.rebuild (package:flutter/src/widgets/framework.dart:5529:7)
#768    StatefulElement.update (package:flutter/src/widgets/framework.dart:6007:5)
#769    Element.updateChild (package:flutter/src/widgets/framework.dart:4037:15)
#770    ComponentElement.performRebuild (package:flutter/src/widgets/framework.dart:5841:16)
#771    Element.rebuild (package:flutter/src/widgets/framework.dart:5529:7)
#772    ProxyElement.update (package:flutter/src/widgets/framework.dart:6149:5)
#773    Element.updateChild (package:flutter/src/widgets/framework.dart:4037:15)
#774    ComponentElement.performRebuild (package:flutter/src/widgets/framework.dart:5841:16)
#775    Element.rebuild (package:flutter/src/widgets/framework.dart:5529:7)
#776    ProxyElement.update (package:flutter/src/widgets/framework.dart:6149:5)
#777    Element.updateChild (package:flutter/src/widgets/framework.dart:4037:15)
#778    _RawViewElement._updateChild (package:flutter/src/widgets/view.dart:481:16)
#779    _RawViewElement.update (package:flutter/src/widgets/view.dart:568:5)
#780    Element.updateChild (package:flutter/src/widgets/framework.dart:4037:15)
#781    ComponentElement.performRebuild (package:flutter/src/widgets/framework.dart:5841:16)
#782    Element.rebuild (package:flutter/src/widgets/framework.dart:5529:7)
#783    StatelessElement.update (package:flutter/src/widgets/framework.dart:5895:5)
#784    Element.updateChild (package:flutter/src/widgets/framework.dart:4037:15)
#785    ComponentElement.performRebuild (package:flutter/src/widgets/framework.dart:5841:16)
#786    StatefulElement.performRebuild (package:flutter/src/widgets/framework.dart:5982:11)
#787    Element.rebuild (package:flutter/src/widgets/framework.dart:5529:7)
#788    StatefulElement.update (package:flutter/src/widgets/framework.dart:6007:5)
#789    Element.updateChild (package:flutter/src/widgets/framework.dart:4037:15)
#790    RootElement._rebuild (package:flutter/src/widgets/binding.dart:1822:16)
#791    RootElement.update (package:flutter/src/widgets/binding.dart:1800:5)
#792    RootElement.performRebuild (package:flutter/src/widgets/binding.dart:1814:7)
#793    Element.rebuild (package:flutter/src/widgets/framework.dart:5529:7)
#794    BuildScope._tryRebuild (package:flutter/src/widgets/framework.dart:2750:15)
#795    BuildScope._flushDirtyElements (package:flutter/src/widgets/framework.dart:2807:11)
#796    BuildOwner.buildScope (package:flutter/src/widgets/framework.dart:3111:18)
#797    AutomatedTestWidgetsFlutterBinding.drawFrame (package:flutter_test/src/binding.dart:2131:19)
#798    RendererBinding._handlePersistentFrameCallback (package:flutter/src/rendering/binding.dart:495:5)
#799    SchedulerBinding._invokeFrameCallback (package:flutter/src/scheduler/binding.dart:1430:15)
#800    SchedulerBinding.handleDrawFrame (package:flutter/src/scheduler/binding.dart:1345:9)
#801    AutomatedTestWidgetsFlutterBinding.pump.<anonymous closure> (package:flutter_test/src/binding.dart:1960:9)
#804    TestAsyncUtils.guard (package:flutter_test/src/test_async_utils.dart:74:41)
#805    AutomatedTestWidgetsFlutterBinding.pump (package:flutter_test/src/binding.dart:1949:27)
#806    WidgetTester.pumpWidget.<anonymous closure> (package:flutter_test/src/widget_tester.dart:598:22)
#809    TestAsyncUtils.guard (package:flutter_test/src/test_async_utils.dart:74:41)
#810    WidgetTester.pumpWidget (package:flutter_test/src/widget_tester.dart:595:27)
#811    main.<anonymous closure>.<anonymous closure> (file:///C:/Users/Administrator/Documents/Tugas%20Akhir/smart-farming-app%20-%20Copy/test/screen/penyakit_ayam/penyakit_ayam_screen_test.dart:42:20)
#812    testWidgets.<anonymous closure>.<anonymous closure> (package:flutter_test/src/widget_tester.dart:192:29)
<asynchronous suspension>
#813    TestWidgetsFlutterBinding._runTestBody (package:flutter_test/src/binding.dart:1682:5)
<asynchronous suspension>
<asynchronous suspension>
(elided 5 frames from dart:async and package:stack_trace)

ΓòÉΓòÉΓòÉΓòÉΓòÉΓòÉΓòÉΓòÉΓòÉΓòÉΓòÉΓòÉΓòÉΓòÉΓòÉΓòÉΓòÉΓòÉΓòÉΓòÉΓòÉΓòÉΓòÉΓòÉΓòÉΓòÉΓòÉΓòÉΓòÉΓòÉΓòÉΓòÉΓòÉΓòÉΓòÉΓòÉΓòÉΓòÉΓòÉΓòÉΓòÉΓòÉΓòÉΓòÉΓòÉΓòÉΓòÉΓòÉΓòÉΓòÉΓòÉΓòÉΓòÉΓòÉΓòÉΓòÉΓòÉΓòÉΓòÉΓòÉΓòÉΓòÉΓòÉΓòÉΓòÉΓòÉΓòÉΓòÉΓòÉΓòÉΓòÉΓòÉΓòÉΓòÉΓòÉΓòÉΓòÉΓòÉΓòÉΓòÉΓòÉΓòÉΓòÉΓòÉΓòÉΓòÉΓòÉΓòÉΓòÉΓòÉΓòÉΓòÉΓòÉΓòÉΓòÉΓòÉΓòÉΓòÉΓòÉΓòÉ
ΓòÉΓòÉΓòí EXCEPTION CAUGHT BY FLUTTER TEST FRAMEWORK Γò₧ΓòÉΓòÉΓòÉΓòÉΓòÉΓòÉΓòÉΓòÉΓòÉΓòÉΓòÉΓòÉΓòÉΓòÉΓòÉΓòÉΓòÉΓòÉΓòÉΓòÉΓòÉΓòÉΓòÉΓòÉΓòÉΓòÉΓòÉΓòÉΓòÉΓòÉΓòÉΓòÉΓòÉΓòÉΓòÉΓòÉΓòÉΓòÉΓòÉΓòÉΓòÉΓòÉΓòÉΓòÉΓòÉΓòÉΓòÉΓòÉΓòÉΓòÉΓòÉΓòÉ
The following TestFailure was thrown running a test:
Expected: exactly one matching candidate
  Actual: _KeyWidgetFinder:<Found 0 widgets with key [<'submitKomoditasButton'>]: []>
   Which: means none were found but one was expected

When the exception was thrown, this was the stack:
#4      main.<anonymous closure>.<anonymous closure> (file:///C:/Users/Administrator/Documents/Tugas%20Akhir/smart-farming-app%20-%20Copy/test/screen/penyakit_ayam/penyakit_ayam_screen_test.dart:46:7)
<asynchronous suspension>
#5      testWidgets.<anonymous closure>.<anonymous closure> (package:flutter_test/src/widget_tester.dart:192:15)
<asynchronous suspension>
#6      TestWidgetsFlutterBinding._runTestBody (package:flutter_test/src/binding.dart:1682:5)
<asynchronous suspension>
<asynchronous suspension>
(elided one frame from package:stack_trace)

This was caught by the test expectation on the following line:
  file:///C:/Users/Administrator/Documents/Tugas%20Akhir/smart-farming-app%20-%20Copy/test/screen/penyakit_ayam/penyakit_ayam_screen_test.dart line 46
The test description was:
  Menampilkan error jika form disubmit kosong
ΓòÉΓòÉΓòÉΓòÉΓòÉΓòÉΓòÉΓòÉΓòÉΓòÉΓòÉΓòÉΓòÉΓòÉΓòÉΓòÉΓòÉΓòÉΓòÉΓòÉΓòÉΓòÉΓòÉΓòÉΓòÉΓòÉΓòÉΓòÉΓòÉΓòÉΓòÉΓòÉΓòÉΓòÉΓòÉΓòÉΓòÉΓòÉΓòÉΓòÉΓòÉΓòÉΓòÉΓòÉΓòÉΓòÉΓòÉΓòÉΓòÉΓòÉΓòÉΓòÉΓòÉΓòÉΓòÉΓòÉΓòÉΓòÉΓòÉΓòÉΓòÉΓòÉΓòÉΓòÉΓòÉΓòÉΓòÉΓòÉΓòÉΓòÉΓòÉΓòÉΓòÉΓòÉΓòÉΓòÉΓòÉΓòÉΓòÉΓòÉΓòÉΓòÉΓòÉΓòÉΓòÉΓòÉΓòÉΓòÉΓòÉΓòÉΓòÉΓòÉΓòÉΓòÉΓòÉΓòÉΓòÉΓòÉΓòÉΓòÉ
ΓòÉΓòÉΓòí EXCEPTION CAUGHT BY FLUTTER TEST FRAMEWORK Γò₧ΓòÉΓòÉΓòÉΓòÉΓòÉΓòÉΓòÉΓòÉΓòÉΓòÉΓòÉΓòÉΓòÉΓòÉΓòÉΓòÉΓòÉΓòÉΓòÉΓòÉΓòÉΓòÉΓòÉΓòÉΓòÉΓòÉΓòÉΓòÉΓòÉΓòÉΓòÉΓòÉΓòÉΓòÉΓòÉΓòÉΓòÉΓòÉΓòÉΓòÉΓòÉΓòÉΓòÉΓòÉΓòÉΓòÉΓòÉΓòÉΓòÉΓòÉΓòÉΓòÉ
The following message was thrown:
Multiple exceptions (2) were detected during the running of the current test, and at least one was
unexpected.
ΓòÉΓòÉΓòÉΓòÉΓòÉΓòÉΓòÉΓòÉΓòÉΓòÉΓòÉΓòÉΓòÉΓòÉΓòÉΓòÉΓòÉΓòÉΓòÉΓòÉΓòÉΓòÉΓòÉΓòÉΓòÉΓòÉΓòÉΓòÉΓòÉΓòÉΓòÉΓòÉΓòÉΓòÉΓòÉΓòÉΓòÉΓòÉΓòÉΓòÉΓòÉΓòÉΓòÉΓòÉΓòÉΓòÉΓòÉΓòÉΓòÉΓòÉΓòÉΓòÉΓòÉΓòÉΓòÉΓòÉΓòÉΓòÉΓòÉΓòÉΓòÉΓòÉΓòÉΓòÉΓòÉΓòÉΓòÉΓòÉΓòÉΓòÉΓòÉΓòÉΓòÉΓòÉΓòÉΓòÉΓòÉΓòÉΓòÉΓòÉΓòÉΓòÉΓòÉΓòÉΓòÉΓòÉΓòÉΓòÉΓòÉΓòÉΓòÉΓòÉΓòÉΓòÉΓòÉΓòÉΓòÉΓòÉΓòÉΓòÉ
00:00 +0 -5: TambahPenangananPenyakitAyamScreen Form Validation Menampilkan error jika form disubmit kosong [E]
  Test failed. See exception logs above.
  The test description was: Menampilkan error jika form disubmit kosong
  
00:00 +0 -5: TambahPenangananPenyakitAyamScreen Form Validation Menampilkan error jika catatan terlalu singkat
ΓòÉΓòÉΓòí EXCEPTION CAUGHT BY WIDGETS LIBRARY Γò₧ΓòÉΓòÉΓòÉΓòÉΓòÉΓòÉΓòÉΓòÉΓòÉΓòÉΓòÉΓòÉΓòÉΓòÉΓòÉΓòÉΓòÉΓòÉΓòÉΓòÉΓòÉΓòÉΓòÉΓòÉΓòÉΓòÉΓòÉΓòÉΓòÉΓòÉΓòÉΓòÉΓòÉΓòÉΓòÉΓòÉΓòÉΓòÉΓòÉΓòÉΓòÉΓòÉΓòÉΓòÉΓòÉΓòÉΓòÉΓòÉΓòÉΓòÉΓòÉΓòÉΓòÉΓòÉΓòÉΓòÉΓòÉΓòÉΓòÉ
The following NotInitializedError was thrown building Builder:
Instance of 'NotInitializedError'

The relevant error-causing widget was:
  MaterialApp
  MaterialApp:file:///C:/Users/Administrator/Documents/Tugas%20Akhir/smart-farming-app%20-%20Copy/test/screen/penyakit_ayam/penyakit_ayam_screen_test.dart:58:37

When the exception was thrown, this was the stack:
#0      DotEnv.env (package:flutter_dotenv/src/dotenv.dart:41:7)
#1      new GejalaPenyakitAyam (package:smart_farming_app/service/gejala_penyakit_ayam.dart:13:36)
#2      new _TambahPenangananPenyakitAyamState (package:smart_farming_app/screen/penyakit_ayam/tambah_penanganan_penyakit_ayam.dart:27:27)
#3      TambahPenangananPenyakitAyamScreen.createState (package:smart_farming_app/screen/penyakit_ayam/tambah_penanganan_penyakit_ayam.dart:20:62)
#4      new StatefulElement (package:flutter/src/widgets/framework.dart:5902:60)
#5      StatefulWidget.createElement (package:flutter/src/widgets/framework.dart:779:38)
...     Normal element mounting (260 frames)
#265    Element.inflateWidget (package:flutter/src/widgets/framework.dart:4587:20)
#266    MultiChildRenderObjectElement.inflateWidget (package:flutter/src/widgets/framework.dart:7264:36)
#267    MultiChildRenderObjectElement.mount (package:flutter/src/widgets/framework.dart:7279:32)
...     Normal element mounting (467 frames)
#734    Element.inflateWidget (package:flutter/src/widgets/framework.dart:4587:20)
#735    Element.updateChild (package:flutter/src/widgets/framework.dart:4053:20)
#736    ComponentElement.performRebuild (package:flutter/src/widgets/framework.dart:5841:16)
#737    Element.rebuild (package:flutter/src/widgets/framework.dart:5529:7)
#738    ProxyElement.update (package:flutter/src/widgets/framework.dart:6149:5)
#739    _InheritedNotifierElement.update (package:flutter/src/widgets/inherited_notifier.dart:108:11)
#740    Element.updateChild (package:flutter/src/widgets/framework.dart:4037:15)
#741    ComponentElement.performRebuild (package:flutter/src/widgets/framework.dart:5841:16)
#742    StatefulElement.performRebuild (package:flutter/src/widgets/framework.dart:5982:11)
#743    Element.rebuild (package:flutter/src/widgets/framework.dart:5529:7)
#744    StatefulElement.update (package:flutter/src/widgets/framework.dart:6007:5)
#745    Element.updateChild (package:flutter/src/widgets/framework.dart:4037:15)
#746    ComponentElement.performRebuild (package:flutter/src/widgets/framework.dart:5841:16)
#747    Element.rebuild (package:flutter/src/widgets/framework.dart:5529:7)
#748    ProxyElement.update (package:flutter/src/widgets/framework.dart:6149:5)
#749    _InheritedNotifierElement.update (package:flutter/src/widgets/inherited_notifier.dart:108:11)
#750    Element.updateChild (package:flutter/src/widgets/framework.dart:4037:15)
#751    ComponentElement.performRebuild (package:flutter/src/widgets/framework.dart:5841:16)
#752    StatefulElement.performRebuild (package:flutter/src/widgets/framework.dart:5982:11)
#753    Element.rebuild (package:flutter/src/widgets/framework.dart:5529:7)
#754    StatefulElement.update (package:flutter/src/widgets/framework.dart:6007:5)
#755    Element.updateChild (package:flutter/src/widgets/framework.dart:4037:15)
#756    ComponentElement.performRebuild (package:flutter/src/widgets/framework.dart:5841:16)
#757    StatefulElement.performRebuild (package:flutter/src/widgets/framework.dart:5982:11)
#758    Element.rebuild (package:flutter/src/widgets/framework.dart:5529:7)
#759    StatefulElement.update (package:flutter/src/widgets/framework.dart:6007:5)
#760    Element.updateChild (package:flutter/src/widgets/framework.dart:4037:15)
#761    ComponentElement.performRebuild (package:flutter/src/widgets/framework.dart:5841:16)
#762    Element.rebuild (package:flutter/src/widgets/framework.dart:5529:7)
#763    ProxyElement.update (package:flutter/src/widgets/framework.dart:6149:5)
#764    Element.updateChild (package:flutter/src/widgets/framework.dart:4037:15)
#765    ComponentElement.performRebuild (package:flutter/src/widgets/framework.dart:5841:16)
#766    StatefulElement.performRebuild (package:flutter/src/widgets/framework.dart:5982:11)
#767    Element.rebuild (package:flutter/src/widgets/framework.dart:5529:7)
#768    StatefulElement.update (package:flutter/src/widgets/framework.dart:6007:5)
#769    Element.updateChild (package:flutter/src/widgets/framework.dart:4037:15)
#770    ComponentElement.performRebuild (package:flutter/src/widgets/framework.dart:5841:16)
#771    Element.rebuild (package:flutter/src/widgets/framework.dart:5529:7)
#772    ProxyElement.update (package:flutter/src/widgets/framework.dart:6149:5)
#773    Element.updateChild (package:flutter/src/widgets/framework.dart:4037:15)
#774    ComponentElement.performRebuild (package:flutter/src/widgets/framework.dart:5841:16)
#775    Element.rebuild (package:flutter/src/widgets/framework.dart:5529:7)
#776    ProxyElement.update (package:flutter/src/widgets/framework.dart:6149:5)
#777    Element.updateChild (package:flutter/src/widgets/framework.dart:4037:15)
#778    _RawViewElement._updateChild (package:flutter/src/widgets/view.dart:481:16)
#779    _RawViewElement.update (package:flutter/src/widgets/view.dart:568:5)
#780    Element.updateChild (package:flutter/src/widgets/framework.dart:4037:15)
#781    ComponentElement.performRebuild (package:flutter/src/widgets/framework.dart:5841:16)
#782    Element.rebuild (package:flutter/src/widgets/framework.dart:5529:7)
#783    StatelessElement.update (package:flutter/src/widgets/framework.dart:5895:5)
#784    Element.updateChild (package:flutter/src/widgets/framework.dart:4037:15)
#785    ComponentElement.performRebuild (package:flutter/src/widgets/framework.dart:5841:16)
#786    StatefulElement.performRebuild (package:flutter/src/widgets/framework.dart:5982:11)
#787    Element.rebuild (package:flutter/src/widgets/framework.dart:5529:7)
#788    StatefulElement.update (package:flutter/src/widgets/framework.dart:6007:5)
#789    Element.updateChild (package:flutter/src/widgets/framework.dart:4037:15)
#790    RootElement._rebuild (package:flutter/src/widgets/binding.dart:1822:16)
#791    RootElement.update (package:flutter/src/widgets/binding.dart:1800:5)
#792    RootElement.performRebuild (package:flutter/src/widgets/binding.dart:1814:7)
#793    Element.rebuild (package:flutter/src/widgets/framework.dart:5529:7)
#794    BuildScope._tryRebuild (package:flutter/src/widgets/framework.dart:2750:15)
#795    BuildScope._flushDirtyElements (package:flutter/src/widgets/framework.dart:2807:11)
#796    BuildOwner.buildScope (package:flutter/src/widgets/framework.dart:3111:18)
#797    AutomatedTestWidgetsFlutterBinding.drawFrame (package:flutter_test/src/binding.dart:2131:19)
#798    RendererBinding._handlePersistentFrameCallback (package:flutter/src/rendering/binding.dart:495:5)
#799    SchedulerBinding._invokeFrameCallback (package:flutter/src/scheduler/binding.dart:1430:15)
#800    SchedulerBinding.handleDrawFrame (package:flutter/src/scheduler/binding.dart:1345:9)
#801    AutomatedTestWidgetsFlutterBinding.pump.<anonymous closure> (package:flutter_test/src/binding.dart:1960:9)
#804    TestAsyncUtils.guard (package:flutter_test/src/test_async_utils.dart:74:41)
#805    AutomatedTestWidgetsFlutterBinding.pump (package:flutter_test/src/binding.dart:1949:27)
#806    WidgetTester.pumpWidget.<anonymous closure> (package:flutter_test/src/widget_tester.dart:598:22)
#809    TestAsyncUtils.guard (package:flutter_test/src/test_async_utils.dart:74:41)
#810    WidgetTester.pumpWidget (package:flutter_test/src/widget_tester.dart:595:27)
#811    main.<anonymous closure>.<anonymous closure> (file:///C:/Users/Administrator/Documents/Tugas%20Akhir/smart-farming-app%20-%20Copy/test/screen/penyakit_ayam/penyakit_ayam_screen_test.dart:58:20)
#812    testWidgets.<anonymous closure>.<anonymous closure> (package:flutter_test/src/widget_tester.dart:192:29)
<asynchronous suspension>
#813    TestWidgetsFlutterBinding._runTestBody (package:flutter_test/src/binding.dart:1682:5)
<asynchronous suspension>
<asynchronous suspension>
(elided 5 frames from dart:async and package:stack_trace)

ΓòÉΓòÉΓòÉΓòÉΓòÉΓòÉΓòÉΓòÉΓòÉΓòÉΓòÉΓòÉΓòÉΓòÉΓòÉΓòÉΓòÉΓòÉΓòÉΓòÉΓòÉΓòÉΓòÉΓòÉΓòÉΓòÉΓòÉΓòÉΓòÉΓòÉΓòÉΓòÉΓòÉΓòÉΓòÉΓòÉΓòÉΓòÉΓòÉΓòÉΓòÉΓòÉΓòÉΓòÉΓòÉΓòÉΓòÉΓòÉΓòÉΓòÉΓòÉΓòÉΓòÉΓòÉΓòÉΓòÉΓòÉΓòÉΓòÉΓòÉΓòÉΓòÉΓòÉΓòÉΓòÉΓòÉΓòÉΓòÉΓòÉΓòÉΓòÉΓòÉΓòÉΓòÉΓòÉΓòÉΓòÉΓòÉΓòÉΓòÉΓòÉΓòÉΓòÉΓòÉΓòÉΓòÉΓòÉΓòÉΓòÉΓòÉΓòÉΓòÉΓòÉΓòÉΓòÉΓòÉΓòÉΓòÉΓòÉΓòÉ
ΓòÉΓòÉΓòí EXCEPTION CAUGHT BY FLUTTER TEST FRAMEWORK Γò₧ΓòÉΓòÉΓòÉΓòÉΓòÉΓòÉΓòÉΓòÉΓòÉΓòÉΓòÉΓòÉΓòÉΓòÉΓòÉΓòÉΓòÉΓòÉΓòÉΓòÉΓòÉΓòÉΓòÉΓòÉΓòÉΓòÉΓòÉΓòÉΓòÉΓòÉΓòÉΓòÉΓòÉΓòÉΓòÉΓòÉΓòÉΓòÉΓòÉΓòÉΓòÉΓòÉΓòÉΓòÉΓòÉΓòÉΓòÉΓòÉΓòÉΓòÉΓòÉΓòÉ
The following StateError was thrown running a test:
Bad state: No element

When the exception was thrown, this was the stack:
#0      Iterable.single (dart:core/iterable.dart:694:25)
#1      WidgetController.state (package:flutter_test/src/controller.dart:927:42)
#2      WidgetTester.showKeyboard.<anonymous closure> (package:flutter_test/src/widget_tester.dart:1125:42)
#5      TestAsyncUtils.guard (package:flutter_test/src/test_async_utils.dart:74:41)
#6      WidgetTester.showKeyboard (package:flutter_test/src/widget_tester.dart:1124:27)
#7      WidgetTester.enterText.<anonymous closure> (package:flutter_test/src/widget_tester.dart:1160:13)
#10     TestAsyncUtils.guard (package:flutter_test/src/test_async_utils.dart:74:41)
#11     WidgetTester.enterText (package:flutter_test/src/widget_tester.dart:1159:27)
#12     main.<anonymous closure>.<anonymous closure> (file:///C:/Users/Administrator/Documents/Tugas%20Akhir/smart-farming-app%20-%20Copy/test/screen/penyakit_ayam/penyakit_ayam_screen_test.dart:63:20)
<asynchronous suspension>
#13     testWidgets.<anonymous closure>.<anonymous closure> (package:flutter_test/src/widget_tester.dart:192:15)
<asynchronous suspension>
#14     TestWidgetsFlutterBinding._runTestBody (package:flutter_test/src/binding.dart:1682:5)
<asynchronous suspension>
<asynchronous suspension>
(elided 5 frames from dart:async and package:stack_trace)

The test description was:
  Menampilkan error jika catatan terlalu singkat
ΓòÉΓòÉΓòÉΓòÉΓòÉΓòÉΓòÉΓòÉΓòÉΓòÉΓòÉΓòÉΓòÉΓòÉΓòÉΓòÉΓòÉΓòÉΓòÉΓòÉΓòÉΓòÉΓòÉΓòÉΓòÉΓòÉΓòÉΓòÉΓòÉΓòÉΓòÉΓòÉΓòÉΓòÉΓòÉΓòÉΓòÉΓòÉΓòÉΓòÉΓòÉΓòÉΓòÉΓòÉΓòÉΓòÉΓòÉΓòÉΓòÉΓòÉΓòÉΓòÉΓòÉΓòÉΓòÉΓòÉΓòÉΓòÉΓòÉΓòÉΓòÉΓòÉΓòÉΓòÉΓòÉΓòÉΓòÉΓòÉΓòÉΓòÉΓòÉΓòÉΓòÉΓòÉΓòÉΓòÉΓòÉΓòÉΓòÉΓòÉΓòÉΓòÉΓòÉΓòÉΓòÉΓòÉΓòÉΓòÉΓòÉΓòÉΓòÉΓòÉΓòÉΓòÉΓòÉΓòÉΓòÉΓòÉΓòÉΓòÉ
ΓòÉΓòÉΓòí EXCEPTION CAUGHT BY FLUTTER TEST FRAMEWORK Γò₧ΓòÉΓòÉΓòÉΓòÉΓòÉΓòÉΓòÉΓòÉΓòÉΓòÉΓòÉΓòÉΓòÉΓòÉΓòÉΓòÉΓòÉΓòÉΓòÉΓòÉΓòÉΓòÉΓòÉΓòÉΓòÉΓòÉΓòÉΓòÉΓòÉΓòÉΓòÉΓòÉΓòÉΓòÉΓòÉΓòÉΓòÉΓòÉΓòÉΓòÉΓòÉΓòÉΓòÉΓòÉΓòÉΓòÉΓòÉΓòÉΓòÉΓòÉΓòÉΓòÉ
The following message was thrown:
Multiple exceptions (2) were detected during the running of the current test, and at least one was
unexpected.
ΓòÉΓòÉΓòÉΓòÉΓòÉΓòÉΓòÉΓòÉΓòÉΓòÉΓòÉΓòÉΓòÉΓòÉΓòÉΓòÉΓòÉΓòÉΓòÉΓòÉΓòÉΓòÉΓòÉΓòÉΓòÉΓòÉΓòÉΓòÉΓòÉΓòÉΓòÉΓòÉΓòÉΓòÉΓòÉΓòÉΓòÉΓòÉΓòÉΓòÉΓòÉΓòÉΓòÉΓòÉΓòÉΓòÉΓòÉΓòÉΓòÉΓòÉΓòÉΓòÉΓòÉΓòÉΓòÉΓòÉΓòÉΓòÉΓòÉΓòÉΓòÉΓòÉΓòÉΓòÉΓòÉΓòÉΓòÉΓòÉΓòÉΓòÉΓòÉΓòÉΓòÉΓòÉΓòÉΓòÉΓòÉΓòÉΓòÉΓòÉΓòÉΓòÉΓòÉΓòÉΓòÉΓòÉΓòÉΓòÉΓòÉΓòÉΓòÉΓòÉΓòÉΓòÉΓòÉΓòÉΓòÉΓòÉΓòÉΓòÉ
00:00 +0 -6: TambahPenangananPenyakitAyamScreen Form Validation Menampilkan error jika catatan terlalu singkat [E]
  Test failed. See exception logs above.
  The test description was: Menampilkan error jika catatan terlalu singkat
  
00:00 +0 -6: Some tests failed.
